Mar 28 21:29 : config: inotify: auto_update was disabled. enable during compilation phase
Mar 28 21:29 : config: option 'audio_buffer_size' on line 17 was not recognized
Mar 28 21:29 : config: option 'buffer_before_play' on line 18 was not recognized
Mar 29 00:05 : config: inotify: auto_update was disabled. enable during compilation phase
Mar 29 00:05 : config: option 'audio_buffer_size' on line 17 was not recognized
Mar 29 00:05 : config: option 'buffer_before_play' on line 18 was not recognized
Mar 29 00:32 : config: inotify: auto_update was disabled. enable during compilation phase
Mar 29 00:32 : config: option 'audio_buffer_size' on line 17 was not recognized
Mar 29 00:32 : config: option 'buffer_before_play' on line 18 was not recognized
Mar 29 21:06 : config: inotify: auto_update was disabled. enable during compilation phase
Mar 29 21:06 : config: option 'audio_buffer_size' on line 17 was not recognized
Mar 29 21:06 : config: option 'buffer_before_play' on line 18 was not recognized
Mar 29 23:17 : config: inotify: auto_update was disabled. enable during compilation phase
Mar 29 23:17 : config: option 'audio_buffer_size' on line 17 was not recognized
Mar 29 23:17 : config: option 'buffer_before_play' on line 18 was not recognized
Apr 05 21:37 : config: inotify: auto_update was disabled. enable during compilation phase
Apr 05 21:37 : config: option 'audio_buffer_size' on line 17 was not recognized
Apr 05 21:37 : config: option 'buffer_before_play' on line 18 was not recognized
Apr 08 19:51 : config: inotify: auto_update was disabled. enable during compilation phase
Apr 08 19:51 : config: option 'audio_buffer_size' on line 17 was not recognized
Apr 08 19:51 : config: option 'buffer_before_play' on line 18 was not recognized
May 03 22:34 : config: inotify: auto_update was disabled. enable during compilation phase
May 03 22:34 : config: option 'audio_buffer_size' on line 17 was not recognized
May 03 22:34 : config: option 'buffer_before_play' on line 18 was not recognized
May 20 09:46 : config: inotify: auto_update was disabled. enable during compilation phase
May 20 09:46 : config: option 'audio_buffer_size' on line 17 was not recognized
May 20 09:46 : config: option 'buffer_before_play' on line 18 was not recognized
May 30 21:14 : config: inotify: auto_update was disabled. enable during compilation phase
May 30 21:14 : config: option 'audio_buffer_size' on line 17 was not recognized
May 30 21:14 : config: option 'buffer_before_play' on line 18 was not recognized
Jun 03 14:52 : config: inotify: auto_update was disabled. enable during compilation phase
Jun 03 14:52 : config: option 'audio_buffer_size' on line 17 was not recognized
Jun 03 14:52 : config: option 'buffer_before_play' on line 18 was not recognized
Jun 03 16:24 : config: inotify: auto_update was disabled. enable during compilation phase
Jun 03 16:24 : config: option 'audio_buffer_size' on line 17 was not recognized
Jun 03 16:24 : config: option 'buffer_before_play' on line 18 was not recognized
Jun 03 16:38 : config: inotify: auto_update was disabled. enable during compilation phase
Jun 03 16:38 : config: option 'audio_buffer_size' on line 17 was not recognized
Jun 03 16:38 : config: option 'buffer_before_play' on line 18 was not recognized
Jun 03 16:54 : config: inotify: auto_update was disabled. enable during compilation phase
Jun 03 16:54 : config: option 'audio_buffer_size' on line 17 was not recognized
Jun 03 16:54 : config: option 'buffer_before_play' on line 18 was not recognized
Jun 03 17:01 : config: inotify: auto_update was disabled. enable during compilation phase
Jun 03 17:01 : config: option 'audio_buffer_size' on line 17 was not recognized
Jun 03 17:01 : config: option 'buffer_before_play' on line 18 was not recognized
Jun 26 20:58 : config: inotify: auto_update was disabled. enable during compilation phase
Jun 26 20:58 : config: option 'audio_buffer_size' on line 17 was not recognized
Jun 26 20:58 : config: option 'buffer_before_play' on line 18 was not recognized
Jul 14 18:43 : config: inotify: auto_update was disabled. enable during compilation phase
Jul 14 18:43 : config: option 'audio_buffer_size' on line 17 was not recognized
Jul 14 18:43 : config: option 'buffer_before_play' on line 18 was not recognized
Jul 28 20:36 : config: inotify: auto_update was disabled. enable during compilation phase
Jul 28 20:36 : config: option 'audio_buffer_size' on line 17 was not recognized
Jul 28 20:36 : config: option 'buffer_before_play' on line 18 was not recognized
Aug 20 14:53 : config: inotify: auto_update was disabled. enable during compilation phase
Aug 20 14:53 : config: option 'audio_buffer_size' on line 17 was not recognized
Aug 20 14:53 : config: option 'buffer_before_play' on line 18 was not recognized
Sep 09 22:37 : config: inotify: auto_update was disabled. enable during compilation phase
Sep 09 22:37 : config: option 'audio_buffer_size' on line 17 was not recognized
Sep 09 22:37 : config: option 'buffer_before_play' on line 18 was not recognized
Sep 28 00:17 : config: inotify: auto_update was disabled. enable during compilation phase
Sep 28 00:17 : config: option 'audio_buffer_size' on line 17 was not recognized
Sep 28 00:17 : config: option 'buffer_before_play' on line 18 was not recognized
Oct 18 14:40 : config: inotify: auto_update was disabled. enable during compilation phase
Oct 18 14:40 : config: option 'audio_buffer_size' on line 17 was not recognized
Oct 18 14:40 : config: option 'buffer_before_play' on line 18 was not recognized
Oct 24 14:38 : config: inotify: auto_update was disabled. enable during compilation phase
Oct 24 14:38 : config: option 'audio_buffer_size' on line 17 was not recognized
Oct 24 14:38 : config: option 'buffer_before_play' on line 18 was not recognized
Oct 29 16:04 : config: inotify: auto_update was disabled. enable during compilation phase
Oct 29 16:04 : config: option 'audio_buffer_size' on line 17 was not recognized
Oct 29 16:04 : config: option 'buffer_before_play' on line 18 was not recognized
Nov 06 15:26 : config: inotify: auto_update was disabled. enable during compilation phase
Nov 06 15:26 : config: option 'audio_buffer_size' on line 17 was not recognized
Nov 06 15:26 : config: option 'buffer_before_play' on line 18 was not recognized
Nov 08 13:19 : config: inotify: auto_update was disabled. enable during compilation phase
Nov 08 13:19 : config: option 'audio_buffer_size' on line 17 was not recognized
Nov 08 13:19 : config: option 'buffer_before_play' on line 18 was not recognized
Nov 15 00:36 : config: inotify: auto_update was disabled. enable during compilation phase
Nov 15 00:36 : config: option 'audio_buffer_size' on line 17 was not recognized
Nov 15 00:36 : config: option 'buffer_before_play' on line 18 was not recognized
Nov 15 11:52 : config: inotify: auto_update was disabled. enable during compilation phase
Nov 15 11:52 : config: option 'audio_buffer_size' on line 17 was not recognized
Nov 15 11:52 : config: option 'buffer_before_play' on line 18 was not recognized
Nov 22 08:39 : config: inotify: auto_update was disabled. enable during compilation phase
Nov 22 08:39 : config: option 'audio_buffer_size' on line 17 was not recognized
Nov 22 08:39 : config: option 'buffer_before_play' on line 18 was not recognized
Nov 29 13:59 : config: inotify: auto_update was disabled. enable during compilation phase
Nov 29 13:59 : config: option 'audio_buffer_size' on line 17 was not recognized
Nov 29 13:59 : config: option 'buffer_before_play' on line 18 was not recognized
Dec 01 23:34 : config: inotify: auto_update was disabled. enable during compilation phase
Dec 01 23:34 : config: option 'audio_buffer_size' on line 17 was not recognized
Dec 01 23:34 : config: option 'buffer_before_play' on line 18 was not recognized
Dec 09 08:51 : config: inotify: auto_update was disabled. enable during compilation phase
Dec 09 08:51 : config: option 'audio_buffer_size' on line 17 was not recognized
Dec 09 08:51 : config: option 'buffer_before_play' on line 18 was not recognized
Dec 18 22:17 : config: inotify: auto_update was disabled. enable during compilation phase
Dec 18 22:17 : config: option 'audio_buffer_size' on line 17 was not recognized
Dec 18 22:17 : config: option 'buffer_before_play' on line 18 was not recognized
Dec 20 12:41 : config: inotify: auto_update was disabled. enable during compilation phase
Dec 20 12:41 : config: option 'audio_buffer_size' on line 17 was not recognized
Dec 20 12:41 : config: option 'buffer_before_play' on line 18 was not recognized
Dec 28 00:09 : config: inotify: auto_update was disabled. enable during compilation phase
Dec 28 00:09 : config: option 'audio_buffer_size' on line 17 was not recognized
Dec 28 00:09 : config: option 'buffer_before_play' on line 18 was not recognized
Jan 07 11:18 : config: inotify: auto_update was disabled. enable during compilation phase
Jan 07 11:18 : config: option 'audio_buffer_size' on line 17 was not recognized
Jan 07 11:18 : config: option 'buffer_before_play' on line 18 was not recognized
Jan 07 11:28 : config: inotify: auto_update was disabled. enable during compilation phase
Jan 07 11:28 : config: option 'audio_buffer_size' on line 17 was not recognized
Jan 07 11:28 : config: option 'buffer_before_play' on line 18 was not recognized
Jan 16 21:38 : config: inotify: auto_update was disabled. enable during compilation phase
Jan 16 21:38 : config: option 'audio_buffer_size' on line 17 was not recognized
Jan 16 21:38 : config: option 'buffer_before_play' on line 18 was not recognized
Jan 24 23:25 : config: inotify: auto_update was disabled. enable during compilation phase
Jan 24 23:25 : config: option 'audio_buffer_size' on line 17 was not recognized
Jan 24 23:25 : config: option 'buffer_before_play' on line 18 was not recognized
Feb 05 23:07 : config: inotify: auto_update was disabled. enable during compilation phase
Feb 05 23:07 : config: option 'audio_buffer_size' on line 17 was not recognized
Feb 05 23:07 : config: option 'buffer_before_play' on line 18 was not recognized
Feb 14 20:01 : config: inotify: auto_update was disabled. enable during compilation phase
Feb 14 20:01 : config: option 'audio_buffer_size' on line 17 was not recognized
Feb 14 20:01 : config: option 'buffer_before_play' on line 18 was not recognized
Feb 23 00:06 : config: inotify: auto_update was disabled. enable during compilation phase
Feb 23 00:06 : config: option 'audio_buffer_size' on line 17 was not recognized
Feb 23 00:06 : config: option 'buffer_before_play' on line 18 was not recognized
Mar 01 18:01 : config: inotify: auto_update was disabled. enable during compilation phase
Mar 01 18:01 : config: option 'audio_buffer_size' on line 17 was not recognized
Mar 01 18:01 : config: option 'buffer_before_play' on line 18 was not recognized
Mar 10 11:55 : config: inotify: auto_update was disabled. enable during compilation phase
Mar 10 11:55 : config: option 'audio_buffer_size' on line 17 was not recognized
Mar 10 11:55 : config: option 'buffer_before_play' on line 18 was not recognized
Mar 10 18:23 : config: inotify: auto_update was disabled. enable during compilation phase
Mar 10 18:23 : config: option 'audio_buffer_size' on line 17 was not recognized
Mar 10 18:23 : config: option 'buffer_before_play' on line 18 was not recognized
Mar 27 22:03 : config: inotify: auto_update was disabled. enable during compilation phase
Mar 27 22:03 : config: option 'audio_buffer_size' on line 17 was not recognized
Mar 27 22:03 : config: option 'buffer_before_play' on line 18 was not recognized
Apr 11 13:38 : config: inotify: auto_update was disabled. enable during compilation phase
Apr 11 13:38 : config: option 'audio_buffer_size' on line 17 was not recognized
Apr 11 13:38 : config: option 'buffer_before_play' on line 18 was not recognized
May 02 08:53 : config: inotify: auto_update was disabled. enable during compilation phase
May 02 08:53 : config: option 'audio_buffer_size' on line 17 was not recognized
May 02 08:53 : config: option 'buffer_before_play' on line 18 was not recognized
May 18 00:18 : config: inotify: auto_update was disabled. enable during compilation phase
May 18 00:18 : config: option 'audio_buffer_size' on line 17 was not recognized
May 18 00:18 : config: option 'buffer_before_play' on line 18 was not recognized
May 22 00:16 : config: inotify: auto_update was disabled. enable during compilation phase
May 22 00:16 : config: option 'audio_buffer_size' on line 17 was not recognized
May 22 00:16 : config: option 'buffer_before_play' on line 18 was not recognized
May 22 20:54 : config: inotify: auto_update was disabled. enable during compilation phase
May 22 20:54 : config: option 'audio_buffer_size' on line 17 was not recognized
May 22 20:54 : config: option 'buffer_before_play' on line 18 was not recognized
May 22 21:29 : config: inotify: auto_update was disabled. enable during compilation phase
May 22 21:29 : config: option 'audio_buffer_size' on line 17 was not recognized
May 22 21:29 : config: option 'buffer_before_play' on line 18 was not recognized
Jun 13 23:09 : config: inotify: auto_update was disabled. enable during compilation phase
Jun 13 23:09 : config: option 'audio_buffer_size' on line 17 was not recognized
Jun 13 23:09 : config: option 'buffer_before_play' on line 18 was not recognized
Jun 27 19:02 : config: inotify: auto_update was disabled. enable during compilation phase
Jun 27 19:02 : config: option 'audio_buffer_size' on line 17 was not recognized
Jun 27 19:02 : config: option 'buffer_before_play' on line 18 was not recognized
Jul 04 20:27 : config: inotify: auto_update was disabled. enable during compilation phase
Jul 04 20:27 : config: option 'audio_buffer_size' on line 17 was not recognized
Jul 04 20:27 : config: option 'buffer_before_play' on line 18 was not recognized
Jul 09 17:43 : config: inotify: auto_update was disabled. enable during compilation phase
Jul 09 17:43 : config: option 'audio_buffer_size' on line 17 was not recognized
Jul 09 17:43 : config: option 'buffer_before_play' on line 18 was not recognized
Jul 10 00:05 : config: inotify: auto_update was disabled. enable during compilation phase
Jul 10 00:05 : config: option 'audio_buffer_size' on line 17 was not recognized
Jul 10 00:05 : config: option 'buffer_before_play' on line 18 was not recognized
Jul 25 22:32 : config: inotify: auto_update was disabled. enable during compilation phase
Jul 25 22:32 : config: option 'audio_buffer_size' on line 17 was not recognized
Jul 25 22:32 : config: option 'buffer_before_play' on line 18 was not recognized
Aug 03 17:03 : config: inotify: auto_update was disabled. enable during compilation phase
Aug 03 17:03 : config: option 'audio_buffer_size' on line 17 was not recognized
Aug 03 17:03 : config: option 'buffer_before_play' on line 18 was not recognized
Aug 03 18:52 : config: inotify: auto_update was disabled. enable during compilation phase
Aug 03 18:52 : config: option 'audio_buffer_size' on line 17 was not recognized
Aug 03 18:52 : config: option 'buffer_before_play' on line 18 was not recognized
Aug 04 15:21 : config: inotify: auto_update was disabled. enable during compilation phase
Aug 04 15:21 : config: option 'audio_buffer_size' on line 17 was not recognized
Aug 04 15:21 : config: option 'buffer_before_play' on line 18 was not recognized
Aug 10 23:45 : config: inotify: auto_update was disabled. enable during compilation phase
Aug 10 23:45 : config: option 'audio_buffer_size' on line 17 was not recognized
Aug 10 23:45 : config: option 'buffer_before_play' on line 18 was not recognized
Sep 16 16:06 : config: inotify: auto_update was disabled. enable during compilation phase
Sep 16 16:06 : config: option 'audio_buffer_size' on line 17 was not recognized
Sep 16 16:06 : config: option 'buffer_before_play' on line 18 was not recognized
Sep 17 13:40 : config: inotify: auto_update was disabled. enable during compilation phase
Sep 17 13:40 : config: option 'audio_buffer_size' on line 17 was not recognized
Sep 17 13:40 : config: option 'buffer_before_play' on line 18 was not recognized
Sep 17 20:27 : config: inotify: auto_update was disabled. enable during compilation phase
Sep 17 20:27 : config: option 'audio_buffer_size' on line 17 was not recognized
Sep 17 20:27 : config: option 'buffer_before_play' on line 18 was not recognized
Sep 17 22:22 : config: inotify: auto_update was disabled. enable during compilation phase
Sep 17 22:22 : config: option 'audio_buffer_size' on line 17 was not recognized
Sep 17 22:22 : config: option 'buffer_before_play' on line 18 was not recognized
Sep 19 21:10 : config: inotify: auto_update was disabled. enable during compilation phase
Sep 19 21:10 : config: option 'audio_buffer_size' on line 17 was not recognized
Sep 19 21:10 : config: option 'buffer_before_play' on line 18 was not recognized
Oct 06 14:59 : config: inotify: auto_update was disabled. enable during compilation phase
Oct 06 14:59 : config: option 'audio_buffer_size' on line 17 was not recognized
Oct 06 14:59 : config: option 'buffer_before_play' on line 18 was not recognized
Oct 15 10:28 : config: inotify: auto_update was disabled. enable during compilation phase
Oct 15 10:28 : config: option 'audio_buffer_size' on line 17 was not recognized
Oct 15 10:28 : config: option 'buffer_before_play' on line 18 was not recognized
Oct 20 17:45 : config: inotify: auto_update was disabled. enable during compilation phase
Oct 20 17:45 : config: option 'audio_buffer_size' on line 17 was not recognized
Oct 20 17:45 : config: option 'buffer_before_play' on line 18 was not recognized
Oct 29 11:18 : config: inotify: auto_update was disabled. enable during compilation phase
Oct 29 11:18 : config: option 'audio_buffer_size' on line 17 was not recognized
Oct 29 11:18 : config: option 'buffer_before_play' on line 18 was not recognized
Nov 07 13:54 : exception: Failed to open /Users/aesophor/.mpd/playlists: No such file or directory
Nov 07 13:54 : exception: Failed to open /Users/aesophor/.mpd/playlists: No such file or directory
Nov 07 13:54 : exception: Failed to open /Users/aesophor/.mpd/playlists: No such file or directory
Nov 07 13:54 : exception: Failed to open /Users/aesophor/.mpd/playlists: No such file or directory
Nov 07 13:54 : exception: Failed to open /Users/aesophor/.mpd/playlists: No such file or directory
Nov 07 13:54 : exception: Failed to open /Users/aesophor/.mpd/playlists: No such file or directory
Nov 07 13:54 : exception: Failed to open /Users/aesophor/.mpd/playlists: No such file or directory
Nov 07 13:54 : exception: Failed to open /Users/aesophor/.mpd/playlists: No such file or directory
Nov 07 13:54 : exception: Failed to open /Users/aesophor/.mpd/playlists: No such file or directory
Nov 07 13:54 : exception: Failed to open /Users/aesophor/.mpd/playlists: No such file or directory
Nov 07 13:54 : exception: Failed to open /Users/aesophor/.mpd/playlists: No such file or directory
Nov 07 13:54 : exception: Failed to open /Users/aesophor/.mpd/playlists: No such file or directory
Nov 07 13:54 : exception: Failed to open /Users/aesophor/.mpd/playlists: No such file or directory
Nov 07 13:54 : exception: Failed to open /Users/aesophor/.mpd/playlists: No such file or directory
Nov 07 13:54 : exception: Failed to open /Users/aesophor/.mpd/playlists: No such file or directory
Nov 07 13:54 : exception: Failed to open /Users/aesophor/.mpd/playlists: No such file or directory
Nov 07 13:54 : exception: Failed to open /Users/aesophor/.mpd/playlists: No such file or directory
Nov 07 13:54 : exception: Failed to open /Users/aesophor/.mpd/playlists: No such file or directory
Nov 07 13:55 : exception: Failed to open /Users/aesophor/.mpd/playlists: No such file or directory
Nov 07 13:55 : exception: Failed to open /Users/aesophor/.mpd/playlists: No such file or directory
Nov 07 13:55 : exception: Failed to open /Users/aesophor/.mpd/playlists: No such file or directory
Nov 07 13:55 : exception: Failed to open /Users/aesophor/.mpd/playlists: No such file or directory
Nov 10 14:20 : exception: Failed to decode /Users/aesophor/Music/Music/Media.localized/Moretin/Unknown Album/Malaa, Nytron, Alok - Addiction (Original Mix).mp3; Failed to open '/Users/aesophor/Music/Music/Media.localized/Moretin/Unknown Album/Malaa, Nytron, Alok - Addiction (Original Mix).mp3': Operation not permitted
Nov 10 14:20 : player: played "Coding Playlist/Malaa, Nytron, Alok - Addiction (Original Mix).mp3"
Nov 10 14:20 : player: played "Music/Media.localized/Moretin/Unknown Album/Malaa, Nytron, Alok - Addiction (Original Mix).mp3"
Nov 10 14:20 : exception: Failed to decode /Users/aesophor/Music/Music/Media.localized/Moretin/Unknown Album/Malaa, Nytron, Alok - Addiction (Original Mix).mp3; Failed to open '/Users/aesophor/Music/Music/Media.localized/Moretin/Unknown Album/Malaa, Nytron, Alok - Addiction (Original Mix).mp3': Operation not permitted
Nov 10 14:20 : player: played "Music/Media.localized/Moretin/Unknown Album/Malaa, Nytron, Alok - Addiction (Original Mix).mp3"
Nov 10 14:24 : exception: Failed to decode /Users/aesophor/Music/Music/Media.localized/Moretin/Unknown Album/DND - Up & Down.mp3; Failed to open '/Users/aesophor/Music/Music/Media.localized/Moretin/Unknown Album/DND - Up & Down.mp3': Operation not permitted
Nov 10 14:25 : player: played "Coding Playlist/DND - Up & Down.mp3"
Nov 10 14:25 : player: played "Music/Media.localized/Moretin/Unknown Album/DND - Up & Down.mp3"
Nov 10 14:25 : exception: Failed to decode /Users/aesophor/Music/Music/Media.localized/Moretin/Unknown Album/DND - Up & Down.mp3; Failed to open '/Users/aesophor/Music/Music/Media.localized/Moretin/Unknown Album/DND - Up & Down.mp3': Operation not permitted
Nov 10 14:25 : player: played "Music/Media.localized/Moretin/Unknown Album/DND - Up & Down.mp3"
Nov 10 14:29 : exception: Failed to decode /Users/aesophor/Music/Music/Media.localized/Moretin/Unknown Album/Matteo Tura - LARSEN.mp3; Failed to open '/Users/aesophor/Music/Music/Media.localized/Moretin/Unknown Album/Matteo Tura - LARSEN.mp3': Operation not permitted
Nov 10 14:30 : player: played "Coding Playlist/Matteo Tura - LARSEN.mp3"
Nov 10 14:30 : player: played "Music/Media.localized/Moretin/Unknown Album/Matteo Tura - LARSEN.mp3"
Nov 10 14:30 : exception: Failed to decode /Users/aesophor/Music/Music/Media.localized/Moretin/Unknown Album/Matteo Tura - LARSEN.mp3; Failed to open '/Users/aesophor/Music/Music/Media.localized/Moretin/Unknown Album/Matteo Tura - LARSEN.mp3': Operation not permitted
Nov 10 14:30 : player: played "Music/Media.localized/Moretin/Unknown Album/Matteo Tura - LARSEN.mp3"
Nov 10 14:36 : exception: Failed to decode /Users/aesophor/Music/Music/Media.localized/Moretin/Unknown Album/Matteo Tura - LARSEN.mp3; Failed to open '/Users/aesophor/Music/Music/Media.localized/Moretin/Unknown Album/Matteo Tura - LARSEN.mp3': Operation not permitted
Nov 10 14:36 : player: played "Coding Playlist/Matteo Tura - LARSEN.mp3"
Nov 10 14:36 : player: played "Music/Media.localized/Moretin/Unknown Album/Matteo Tura - LARSEN.mp3"
Nov 10 14:36 : exception: Failed to decode /Users/aesophor/Music/Music/Media.localized/Moretin/Unknown Album/Matteo Tura - LARSEN.mp3; Failed to open '/Users/aesophor/Music/Music/Media.localized/Moretin/Unknown Album/Matteo Tura - LARSEN.mp3': Operation not permitted
Nov 10 14:36 : player: played "Music/Media.localized/Moretin/Unknown Album/Matteo Tura - LARSEN.mp3"
Nov 10 14:43 : exception: Failed to decode /Users/aesophor/Music/Music/Media.localized/Moris Blak, Limbo Slice/The Unreality/The Unreality.mp3; Failed to open '/Users/aesophor/Music/Music/Media.localized/Moris Blak, Limbo Slice/The Unreality/The Unreality.mp3': Operation not permitted
Nov 10 14:43 : player: played "Music/Media.localized/Moris Blak, Limbo Slice/The Unreality/The Unreality.mp3"
Nov 10 14:43 : exception: Failed to decode /Users/aesophor/Music/Music/Media.localized/Moris Blak, Limbo Slice/The Unreality/The Unreality.mp3; Failed to open '/Users/aesophor/Music/Music/Media.localized/Moris Blak, Limbo Slice/The Unreality/The Unreality.mp3': Operation not permitted
Nov 10 14:47 : exception: Failed to decode /Users/aesophor/Music/Music/Media.localized/Moretin/Unknown Album/Malaa, Nytron, Alok - Addiction (Original Mix).mp3; Failed to open '/Users/aesophor/Music/Music/Media.localized/Moretin/Unknown Album/Malaa, Nytron, Alok - Addiction (Original Mix).mp3': Operation not permitted
Nov 10 14:48 : player: played "Coding Playlist/Malaa, Nytron, Alok - Addiction (Original Mix).mp3"
Nov 10 14:48 : player: played "Music/Media.localized/Moretin/Unknown Album/Malaa, Nytron, Alok - Addiction (Original Mix).mp3"
Nov 10 14:48 : exception: Failed to decode /Users/aesophor/Music/Music/Media.localized/Moretin/Unknown Album/Malaa, Nytron, Alok - Addiction (Original Mix).mp3; Failed to open '/Users/aesophor/Music/Music/Media.localized/Moretin/Unknown Album/Malaa, Nytron, Alok - Addiction (Original Mix).mp3': Operation not permitted
Nov 10 14:48 : player: played "Music/Media.localized/Moretin/Unknown Album/Malaa, Nytron, Alok - Addiction (Original Mix).mp3"
Nov 10 14:52 : exception: Failed to decode /Users/aesophor/Music/Music/Media.localized/Moretin/Unknown Album/DND - Up & Down.mp3; Failed to open '/Users/aesophor/Music/Music/Media.localized/Moretin/Unknown Album/DND - Up & Down.mp3': Operation not permitted
Nov 10 14:52 : player: played "Coding Playlist/DND - Up & Down.mp3"
Nov 10 14:52 : player: played "Music/Media.localized/Moretin/Unknown Album/DND - Up & Down.mp3"
Nov 10 14:52 : exception: Failed to decode /Users/aesophor/Music/Music/Media.localized/Moretin/Unknown Album/DND - Up & Down.mp3; Failed to open '/Users/aesophor/Music/Music/Media.localized/Moretin/Unknown Album/DND - Up & Down.mp3': Operation not permitted
Nov 10 14:52 : player: played "Music/Media.localized/Moretin/Unknown Album/DND - Up & Down.mp3"
Nov 10 14:57 : exception: Failed to decode /Users/aesophor/Music/Music/Media.localized/Moretin/Unknown Album/Matteo Tura - LARSEN.mp3; Failed to open '/Users/aesophor/Music/Music/Media.localized/Moretin/Unknown Album/Matteo Tura - LARSEN.mp3': Operation not permitted
Nov 10 14:57 : player: played "Coding Playlist/Matteo Tura - LARSEN.mp3"
Nov 10 14:57 : player: played "Music/Media.localized/Moretin/Unknown Album/Matteo Tura - LARSEN.mp3"
Nov 10 14:57 : exception: Failed to decode /Users/aesophor/Music/Music/Media.localized/Moretin/Unknown Album/Matteo Tura - LARSEN.mp3; Failed to open '/Users/aesophor/Music/Music/Media.localized/Moretin/Unknown Album/Matteo Tura - LARSEN.mp3': Operation not permitted
Nov 10 14:57 : player: played "Music/Media.localized/Moretin/Unknown Album/Matteo Tura - LARSEN.mp3"
Nov 10 15:05 : player: played "YuYu Hakusho OP&ED/幽遊白書 - OP1.mp3"
Nov 10 15:12 : exception: Failed to decode /Users/aesophor/Music/Music/Media.localized/Infected Mushroom/IM The Supervisor/Mute Breaks Rmx.mp3; Failed to open '/Users/aesophor/Music/Music/Media.localized/Infected Mushroom/IM The Supervisor/Mute Breaks Rmx.mp3': Operation not permitted
Nov 10 15:12 : player: played "Coding Playlist/Mute Breaks Rmx.mp3"
Nov 10 15:12 : player: played "Music/Media.localized/Infected Mushroom/IM The Supervisor/Mute Breaks Rmx.mp3"
Nov 10 15:12 : exception: Failed to decode /Users/aesophor/Music/Music/Media.localized/Infected Mushroom/IM The Supervisor/Mute Breaks Rmx.mp3; Failed to open '/Users/aesophor/Music/Music/Media.localized/Infected Mushroom/IM The Supervisor/Mute Breaks Rmx.mp3': Operation not permitted
Nov 10 15:12 : player: played "Music/Media.localized/Infected Mushroom/IM The Supervisor/Mute Breaks Rmx.mp3"
Nov 10 15:19 : exception: Failed to decode /Users/aesophor/Music/Music/Media.localized/Infected Mushroom/IM The Supervisor/Mute Breaks Rmx.mp3; Failed to open '/Users/aesophor/Music/Music/Media.localized/Infected Mushroom/IM The Supervisor/Mute Breaks Rmx.mp3': Operation not permitted
Nov 10 15:19 : player: played "Coding Playlist/Mute Breaks Rmx.mp3"
Nov 10 15:19 : player: played "Music/Media.localized/Infected Mushroom/IM The Supervisor/Mute Breaks Rmx.mp3"
Nov 10 15:19 : exception: Failed to decode /Users/aesophor/Music/Music/Media.localized/Infected Mushroom/IM The Supervisor/Mute Breaks Rmx.mp3; Failed to open '/Users/aesophor/Music/Music/Media.localized/Infected Mushroom/IM The Supervisor/Mute Breaks Rmx.mp3': Operation not permitted
Nov 10 15:19 : player: played "Music/Media.localized/Infected Mushroom/IM The Supervisor/Mute Breaks Rmx.mp3"
Nov 10 15:22 : player: played "Chance Thrash - Chamomile Tea.mp3"
Nov 10 15:34 : player: played "Coding Playlist/Apashe - The Good The Bad & The Fake (Full EP).mp3"
Nov 10 22:15 : config: inotify: auto_update was disabled. enable during compilation phase
Nov 10 22:15 : config: option 'audio_buffer_size' on line 17 was not recognized
Nov 10 22:15 : config: option 'buffer_before_play' on line 18 was not recognized
Nov 21 20:47 : player: played "Coding Playlist/Apashe - The Good The Bad & The Fake (Full EP).mp3"
Nov 21 20:51 : config: inotify: auto_update was disabled. enable during compilation phase
Nov 21 20:51 : config: option 'audio_buffer_size' on line 17 was not recognized
Nov 21 20:51 : config: option 'buffer_before_play' on line 18 was not recognized
Nov 21 22:59 : player: played "Coding Playlist/Apashe - The Good The Bad & The Fake (Full EP).mp3"
Nov 21 23:00 : config: inotify: auto_update was disabled. enable during compilation phase
Nov 21 23:00 : config: option 'audio_buffer_size' on line 17 was not recognized
Nov 21 23:00 : config: option 'buffer_before_play' on line 18 was not recognized
Nov 25 00:08 : player: played "Coding Playlist/Apashe - The Good The Bad & The Fake (Full EP).mp3"
Nov 25 00:08 : config: inotify: auto_update was disabled. enable during compilation phase
Nov 25 00:08 : config: option 'audio_buffer_size' on line 17 was not recognized
Nov 25 00:08 : config: option 'buffer_before_play' on line 18 was not recognized
Dec 02 20:20 : player: played "Coding Playlist/Apashe - The Good The Bad & The Fake (Full EP).mp3"
Dec 02 20:20 : config: inotify: auto_update was disabled. enable during compilation phase
Dec 02 20:20 : config: option 'audio_buffer_size' on line 17 was not recognized
Dec 02 20:20 : config: option 'buffer_before_play' on line 18 was not recognized
Dec 03 23:18 : player: played "Coding Playlist/Apashe - The Good The Bad & The Fake (Full EP).mp3"
Dec 03 23:18 : config: inotify: auto_update was disabled. enable during compilation phase
Dec 03 23:18 : config: option 'audio_buffer_size' on line 17 was not recognized
Dec 03 23:18 : config: option 'buffer_before_play' on line 18 was not recognized
Dec 09 17:17 : exception: Failed to open /Users/aesophor/.mpd/playlists: No such file or directory
Dec 09 17:18 : exception: Failed to open /Users/aesophor/.mpd/playlists: No such file or directory
Dec 09 17:18 : exception: Failed to open /Users/aesophor/.mpd/playlists: No such file or directory
Dec 09 17:18 : exception: Failed to open /Users/aesophor/.mpd/playlists: No such file or directory
Dec 09 17:18 : exception: Failed to open /Users/aesophor/.mpd/playlists: No such file or directory
Dec 09 17:18 : exception: Failed to open /Users/aesophor/.mpd/playlists: No such file or directory
Dec 12 12:11 : player: played "Coding Playlist/Apashe - The Good The Bad & The Fake (Full EP).mp3"
Dec 12 12:15 : config: inotify: auto_update was disabled. enable during compilation phase
Dec 12 12:15 : config: option 'audio_buffer_size' on line 17 was not recognized
Dec 12 12:15 : config: option 'buffer_before_play' on line 18 was not recognized
Dec 25 22:52 : player: played "Coding Playlist/Apashe - The Good The Bad & The Fake (Full EP).mp3"
Dec 25 22:53 : config: inotify: auto_update was disabled. enable during compilation phase
Dec 25 22:53 : config: option 'audio_buffer_size' on line 17 was not recognized
Dec 25 22:53 : config: option 'buffer_before_play' on line 18 was not recognized
Jan 12 16:38 : player: played "Coding Playlist/Apashe - The Good The Bad & The Fake (Full EP).mp3"
Jan 12 16:38 : config: inotify: auto_update was disabled. enable during compilation phase
Jan 12 16:38 : config: option 'audio_buffer_size' on line 17 was not recognized
Jan 12 16:38 : config: option 'buffer_before_play' on line 18 was not recognized
Jan 26 19:13 : player: played "Coding Playlist/Apashe - The Good The Bad & The Fake (Full EP).mp3"
Jan 26 19:14 : config: inotify: auto_update was disabled. enable during compilation phase
Jan 26 19:14 : config: option 'audio_buffer_size' on line 17 was not recognized
Jan 26 19:14 : config: option 'buffer_before_play' on line 18 was not recognized
Jan 28 11:42 : player: played "Coding Playlist/Apashe - The Good The Bad & The Fake (Full EP).mp3"
Jan 28 11:45 : config: inotify: auto_update was disabled. enable during compilation phase
Jan 28 11:45 : config: option 'audio_buffer_size' on line 17 was not recognized
Jan 28 11:45 : config: option 'buffer_before_play' on line 18 was not recognized
Feb 11 12:18 : player: played "Coding Playlist/Apashe - The Good The Bad & The Fake (Full EP).mp3"
Feb 11 12:22 : config: inotify: auto_update was disabled. enable during compilation phase
Feb 11 12:22 : config: option 'audio_buffer_size' on line 17 was not recognized
Feb 11 12:22 : config: option 'buffer_before_play' on line 18 was not recognized
Mar 01 17:15 : player: played "Coding Playlist/Apashe - The Good The Bad & The Fake (Full EP).mp3"
Mar 01 17:16 : config: inotify: auto_update was disabled. enable during compilation phase
Mar 01 17:16 : config: option 'audio_buffer_size' on line 17 was not recognized
Mar 01 17:16 : config: option 'buffer_before_play' on line 18 was not recognized
Mar 01 17:20 : player: played "Coding Playlist/Apashe - The Good The Bad & The Fake (Full EP).mp3"
Mar 01 17:20 : config: inotify: auto_update was disabled. enable during compilation phase
Mar 01 17:20 : config: option 'audio_buffer_size' on line 17 was not recognized
Mar 01 17:20 : config: option 'buffer_before_play' on line 18 was not recognized
Mar 01 17:21 : player: played "Coding Playlist/Apashe - The Good The Bad & The Fake (Full EP).mp3"
Mar 01 17:22 : config: inotify: auto_update was disabled. enable during compilation phase
Mar 01 17:22 : config: option 'audio_buffer_size' on line 17 was not recognized
Mar 01 17:22 : config: option 'buffer_before_play' on line 18 was not recognized
Mar 01 17:22 : player: played "Coding Playlist/Apashe - The Good The Bad & The Fake (Full EP).mp3"
Mar 01 17:24 : config: inotify: auto_update was disabled. enable during compilation phase
Mar 01 17:24 : config: option 'audio_buffer_size' on line 17 was not recognized
Mar 01 17:24 : config: option 'buffer_before_play' on line 18 was not recognized
Mar 12 20:59 : player: played "Coding Playlist/Apashe - The Good The Bad & The Fake (Full EP).mp3"
Mar 12 21:03 : config: inotify: auto_update was disabled. enable during compilation phase
Mar 12 21:03 : config: option 'audio_buffer_size' on line 17 was not recognized
Mar 12 21:03 : config: option 'buffer_before_play' on line 18 was not recognized
Mar 15 13:45 : player: played "Coding Playlist/Apashe - The Good The Bad & The Fake (Full EP).mp3"
Mar 15 13:46 : config: inotify: auto_update was disabled. enable during compilation phase
Mar 15 13:46 : config: option 'audio_buffer_size' on line 17 was not recognized
Mar 15 13:46 : config: option 'buffer_before_play' on line 18 was not recognized
Apr 03 13:38 : player: played "Coding Playlist/Apashe - The Good The Bad & The Fake (Full EP).mp3"
2025-04-03T13:42:43 config: inotify: auto_update was disabled. enable during compilation phase
2025-04-03T13:42:43 config: option "audio_buffer_size" on line 17 was not recognized
2025-04-03T13:42:43 config: option "buffer_before_play" on line 18 was not recognized
2025-04-03T14:15:13 update: added Music/Media.localized/Valentino Khan/Pump/Pump.mp3
2025-04-03T14:15:13 update: added Music/Media.localized/Music/Nujabes/Unknown Album/Nujabes Mix.mp3
2025-04-03T14:15:13 update: added Music/Media.localized/Music/www.CDTECADOWNLOADS.com.br/Greatst Hits - Chapter One/11 The Call.mp3
2025-04-03T14:15:13 update: added Music/Media.localized/Music/www.CDTECADOWNLOADS.com.br/Greatst Hits - Chapter One/07 Larger Than Life.mp3
2025-04-03T14:15:13 update: added Music/Media.localized/Music/Valentino Khan/Pump/Pump.mp3
2025-04-03T14:15:13 update: added Music/Media.localized/Music/Dombresky/Utopia/Utopia.mp3
2025-04-03T14:15:13 update: added Music/Media.localized/Music/馬渡松子/YuYu Hakusho/デイドリームジェネレーション.mp3
2025-04-03T14:15:13 update: added Music/Media.localized/Music/馬渡松子/YuYu Hakusho/さよなら bye bye.mp3
2025-04-03T14:15:13 update: added Music/Media.localized/Music/馬渡松子/YuYu Hakusho/微笑みの爆弾.mp3
2025-04-03T14:15:13 update: added Music/Media.localized/Music/馬渡松子/YuYu Hakusho/ホームワークが終わらない.mp3
2025-04-03T14:15:13 update: added Music/Media.localized/Music/Infected Mushroom/IM The Supervisor/Mute Breaks Rmx.mp3
2025-04-03T14:15:13 update: added Music/Media.localized/Music/Luis Fonsi/Despacito & Mis Grandes Exitos/01 Despacito.mp3
2025-04-03T14:15:13 update: added Music/Media.localized/Music/Luis Fonsi/Despacito & Mis Grandes Exitos/09 Aqui Estoy Yo.mp3
2025-04-03T14:15:13 update: added Music/Media.localized/Music/Luis Fonsi/Despacito & Mis Grandes Exitos/02 Despacito (Remix).mp3
2025-04-03T14:15:13 update: added Music/Media.localized/Music/Luis Fonsi/Despacito & Mis Grandes Exitos/12 Tu Amor.mp3
2025-04-03T14:15:13 update: added Music/Media.localized/Music/Luis Fonsi/Despacito & Mis Grandes Exitos/19 Imaginame Sin Ti.mp3
2025-04-03T14:15:13 update: added Music/Media.localized/Music/Luis Fonsi/Despacito & Mis Grandes Exitos/17 Quisiera Poder Olvidarme De Ti.mp3
2025-04-03T14:15:13 update: added Music/Media.localized/Music/Luis Fonsi/Despacito & Mis Grandes Exitos/15 Abrazar La Vida.mp3
2025-04-03T14:15:13 update: added Music/Media.localized/Music/Luis Fonsi/Despacito & Mis Grandes Exitos/04 Corazon En La Maleta.mp3
2025-04-03T14:15:13 update: added Music/Media.localized/Music/Luis Fonsi/Despacito & Mis Grandes Exitos/06 Tentacion.mp3
2025-04-03T14:15:13 update: added Music/Media.localized/Music/Luis Fonsi/Despacito & Mis Grandes Exitos/20 Despacito (Version Salsa).mp3
2025-04-03T14:15:13 update: added Music/Media.localized/Music/Luis Fonsi/Despacito & Mis Grandes Exitos/03 Wave Your Flag.mp3
2025-04-03T14:15:13 update: added Music/Media.localized/Music/Luis Fonsi/Despacito & Mis Grandes Exitos/10 No Me Doy Por Vencido.mp3
2025-04-03T14:15:13 update: added Music/Media.localized/Music/Luis Fonsi/Despacito & Mis Grandes Exitos/05 Llegaste Tu.mp3
2025-04-03T14:15:13 update: added Music/Media.localized/Music/Luis Fonsi/Despacito & Mis Grandes Exitos/08 Gritar.mp3
2025-04-03T14:15:13 update: added Music/Media.localized/Music/Luis Fonsi/Despacito & Mis Grandes Exitos/18 Si No Te Hubiera Conocido.mp3
2025-04-03T14:15:13 update: added Music/Media.localized/Music/Luis Fonsi/Despacito & Mis Grandes Exitos/11 Todo Vuelve A Empezar.mp3
2025-04-03T14:15:13 update: added Music/Media.localized/Music/Luis Fonsi/Despacito & Mis Grandes Exitos/14 Nada Es Para Siempre.mp3
2025-04-03T14:15:13 update: added Music/Media.localized/Music/Luis Fonsi/Despacito & Mis Grandes Exitos/16 ¿Quien Te Dijo Eso.mp3
2025-04-03T14:15:13 update: added Music/Media.localized/Music/Luis Fonsi/Despacito & Mis Grandes Exitos/07 Explicame.mp3
2025-04-03T14:15:13 update: added Music/Media.localized/Music/Luis Fonsi/Despacito & Mis Grandes Exitos/13 Por Una Mujer.mp3
2025-04-03T14:15:13 update: added Music/Media.localized/Music/Jeremy Soule/The Elder Scrolls V_ Skyrim - The Original Game Soundtrack/17 Sovngarde.mp3
2025-04-03T14:15:13 update: added Music/Media.localized/Music/Jeremy Soule/The Elder Scrolls V_ Skyrim - The Original Game Soundtrack/01 Dragonborn.mp3
2025-04-03T14:15:13 update: added Music/Media.localized/Music/Jeremy Soule/The Elder Scrolls V_ Skyrim - The Original Game Soundtrack/16 Journey's End.mp3
2025-04-03T14:15:13 update: added Music/Media.localized/Music/Jeremy Soule/The Elder Scrolls V_ Skyrim - The Original Game Soundtrack/04 Kyne's Peace.mp3
2025-04-03T14:15:13 update: added Music/Media.localized/Music/Jeremy Soule/The Elder Scrolls V_ Skyrim - The Original Game Soundtrack/10 Seven Thousand Steps.mp3
2025-04-03T14:15:13 update: added Music/Media.localized/Music/Jeremy Soule/The Elder Scrolls V_ Skyrim - The Original Game Soundtrack/08 Dragonsreach.mp3
2025-04-03T14:15:13 update: added Music/Media.localized/Music/Jeremy Soule/The Elder Scrolls V_ Skyrim - The Original Game Soundtrack/11 Death or Sovngarde.mp3
2025-04-03T14:15:13 update: added Music/Media.localized/Music/Jeremy Soule/The Elder Scrolls V_ Skyrim - The Original Game Soundtrack/06 The City Gates.mp3
2025-04-03T14:15:13 update: added Music/Media.localized/Music/Jeremy Soule/The Elder Scrolls V_ Skyrim - The Original Game Soundtrack/04 Around the Fire.mp3
2025-04-03T14:15:13 update: added Music/Media.localized/Music/Jeremy Soule/The Elder Scrolls V_ Skyrim - The Original Game Soundtrack/13 The Gathering Storm.mp3
2025-04-03T14:15:13 update: added Music/Media.localized/Music/Jeremy Soule/The Elder Scrolls V_ Skyrim - The Original Game Soundtrack/17 Secunda.mp3
2025-04-03T14:15:13 update: added Music/Media.localized/Music/Jeremy Soule/The Elder Scrolls V_ Skyrim - The Original Game Soundtrack/02 Night without Stars.mp3
2025-04-03T14:15:13 update: added Music/Media.localized/Music/Jeremy Soule/The Elder Scrolls V_ Skyrim - The Original Game Soundtrack/03 Out of the Cold.mp3
2025-04-03T14:15:13 update: added Music/Media.localized/Music/Jeremy Soule/The Elder Scrolls V_ Skyrim - The Original Game Soundtrack/14 Sky Above, Voice Within.mp3
2025-04-03T14:15:13 update: added Music/Media.localized/Music/Jeremy Soule/The Elder Scrolls V_ Skyrim - The Original Game Soundtrack/13 Distant Horizons.mp3
2025-04-03T14:15:13 update: added Music/Media.localized/Music/Jeremy Soule/The Elder Scrolls V_ Skyrim - The Original Game Soundtrack/16 Steel on Steel.mp3
2025-04-03T14:15:13 update: added Music/Media.localized/Music/Jeremy Soule/The Elder Scrolls V_ Skyrim - The Original Game Soundtrack/01 Frostfall.mp3
2025-04-03T14:15:13 update: added Music/Media.localized/Music/Jeremy Soule/The Elder Scrolls V_ Skyrim - The Original Game Soundtrack/14 Dawn.mp3
2025-04-03T14:15:13 update: added Music/Media.localized/Music/Jeremy Soule/The Elder Scrolls V_ Skyrim - The Original Game Soundtrack/12 Masser.mp3
2025-04-03T14:15:13 update: added Music/Media.localized/Music/Jeremy Soule/The Elder Scrolls V_ Skyrim - The Original Game Soundtrack/14 Beneath the Ice.mp3
2025-04-03T14:15:13 update: added Music/Media.localized/Music/Jeremy Soule/The Elder Scrolls V_ Skyrim - The Original Game Soundtrack/08 Blood and Steel.mp3
2025-04-03T14:15:13 update: added Music/Media.localized/Music/Jeremy Soule/The Elder Scrolls V_ Skyrim - The Original Game Soundtrack/11 The White River.mp3
2025-04-03T14:15:13 update: added Music/Media.localized/Music/Jeremy Soule/The Elder Scrolls V_ Skyrim - The Original Game Soundtrack/09 Towers and Shadows.mp3
2025-04-03T14:15:13 update: added Music/Media.localized/Music/Jeremy Soule/The Elder Scrolls V_ Skyrim - The Original Game Soundtrack/10 Under an Ancient Sun.mp3
2025-04-03T14:15:13 update: added Music/Media.localized/Music/Jeremy Soule/The Elder Scrolls V_ Skyrim - The Original Game Soundtrack/15 Tundra.mp3
2025-04-03T14:15:13 update: added Music/Media.localized/Music/Jeremy Soule/The Elder Scrolls V_ Skyrim - The Original Game Soundtrack/05 Shadows and Echoes.mp3
2025-04-03T14:15:13 update: added Music/Media.localized/Music/Jeremy Soule/The Elder Scrolls V_ Skyrim - The Original Game Soundtrack/05 Unbound.mp3
2025-04-03T14:15:13 update: added Music/Media.localized/Music/Jeremy Soule/The Elder Scrolls V_ Skyrim - The Original Game Soundtrack/06 Caught off Guard.mp3
2025-04-03T14:15:13 update: added Music/Media.localized/Music/Jeremy Soule/The Elder Scrolls V_ Skyrim - The Original Game Soundtrack/03 From Past to Present.mp3
2025-04-03T14:15:13 update: added Music/Media.localized/Music/Jeremy Soule/The Elder Scrolls V_ Skyrim - The Original Game Soundtrack/07 Silent Footsteps.mp3
2025-04-03T14:15:13 update: added Music/Media.localized/Music/Jeremy Soule/The Elder Scrolls V_ Skyrim - The Original Game Soundtrack/02 A Chance Meeting.mp3
2025-04-03T14:15:13 update: added Music/Media.localized/Music/Jeremy Soule/The Elder Scrolls V_ Skyrim - The Original Game Soundtrack/11 Solitude.mp3
2025-04-03T14:15:13 update: added Music/Media.localized/Music/Jeremy Soule/The Elder Scrolls V_ Skyrim - The Original Game Soundtrack/04 Unbroken Road.mp3
2025-04-03T14:15:13 update: added Music/Media.localized/Music/Jeremy Soule/The Elder Scrolls V_ Skyrim - The Original Game Soundtrack/09 Tooth and Claw.mp3
2025-04-03T14:15:13 update: added Music/Media.localized/Music/Jeremy Soule/The Elder Scrolls V_ Skyrim - The Original Game Soundtrack/18 Wind Guide You.mp3
2025-04-03T14:15:13 update: added Music/Media.localized/Music/Jeremy Soule/The Elder Scrolls V_ Skyrim - The Original Game Soundtrack/05 Ancient Stones.mp3
2025-04-03T14:15:13 update: added Music/Media.localized/Music/Jeremy Soule/The Elder Scrolls V_ Skyrim - The Original Game Soundtrack/12 Silence Unbroken.mp3
2025-04-03T14:15:13 update: added Music/Media.localized/Music/Jeremy Soule/The Elder Scrolls V_ Skyrim - The Original Game Soundtrack/07 Aurora.mp3
2025-04-03T14:15:13 update: added Music/Media.localized/Music/Jeremy Soule/The Elder Scrolls V_ Skyrim - The Original Game Soundtrack/13 Standing Stones.mp3
2025-04-03T14:15:13 update: added Music/Media.localized/Music/Jeremy Soule/The Elder Scrolls V_ Skyrim - The Original Game Soundtrack/18 Imperial Throne.mp3
2025-04-03T14:15:13 update: added Music/Media.localized/Music/Jeremy Soule/The Elder Scrolls V_ Skyrim - The Original Game Soundtrack/01 Before the Storm.mp3
2025-04-03T14:15:13 update: added Music/Media.localized/Music/Jeremy Soule/The Elder Scrolls V_ Skyrim - The Original Game Soundtrack/06 Far Horizons.mp3
2025-04-03T14:15:13 update: added Music/Media.localized/Music/Jeremy Soule/The Elder Scrolls V_ Skyrim - The Original Game Soundtrack/02 Awake.mp3
2025-04-03T14:15:13 update: added Music/Media.localized/Music/Jeremy Soule/The Elder Scrolls V_ Skyrim - The Original Game Soundtrack/15 The Jerall Mountains.mp3
2025-04-03T14:15:13 update: added Music/Media.localized/Music/Jeremy Soule/The Elder Scrolls V_ Skyrim - The Original Game Soundtrack/16 Shattered Shields.mp3
2025-04-03T14:15:13 update: added Music/Media.localized/Music/Jeremy Soule/The Elder Scrolls V_ Skyrim - The Original Game Soundtrack/12 Watch the Skies.mp3
2025-04-03T14:15:13 update: added Music/Media.localized/Music/Jeremy Soule/The Elder Scrolls V_ Skyrim - The Original Game Soundtrack/09 The Streets of Whiterun.mp3
2025-04-03T14:15:13 update: added Music/Media.localized/Music/Jeremy Soule/The Elder Scrolls V_ Skyrim - The Original Game Soundtrack/15 Death in the Darkness.mp3
2025-04-03T14:15:13 update: added Music/Media.localized/Music/Jeremy Soule/The Elder Scrolls V_ Skyrim - The Original Game Soundtrack/07 A Winter's Tale.mp3
2025-04-03T14:15:13 update: added Music/Media.localized/Music/Jeremy Soule/The Elder Scrolls V_ Skyrim - The Original Game Soundtrack/03 Into Darkness.mp3
2025-04-03T14:15:13 update: added Music/Media.localized/Music/Jeremy Soule/The Elder Scrolls V_ Skyrim - The Original Game Soundtrack/10 One They Fear.mp3
2025-04-03T14:15:13 update: added Music/Media.localized/Music/Jeremy Soule/The Elder Scrolls V_ Skyrim - The Original Game Soundtrack/08 The Bannered Mare.mp3
2025-04-03T14:15:13 update: added Music/Media.localized/Music/Jeremy Soule/The Elder Scrolls V_ Skyrim - The Original Game Soundtrack/01 Skyrim Atmospheres.mp3
2025-04-03T14:15:13 update: added Music/Media.localized/Music/Recognise/Unknown Album/Burn (Original Mix).mp3
2025-04-03T14:15:13 update: added Music/Media.localized/Music/dvdkm/Unknown Album/Lonely.mp3
2025-04-03T14:15:13 update: added Music/Media.localized/Music/Glass Petals/Get Closer/Get Closer.mp3
2025-04-03T14:15:13 update: added Music/Media.localized/Music/Night Club/Unknown Album/Night Club - _Schizophrenic_ (Official Video).mp3
2025-04-03T14:15:13 update: added Music/Media.localized/Music/Moris Blak, Limbo Slice/The Unreality/The Unreality.mp3
2025-04-03T14:15:13 update: added Music/Media.localized/Music/DJ Chenshr/Unknown Album/Chenshr.Remix._lysbb_.mp3
2025-04-03T14:15:13 update: added Music/Media.localized/Music/DJ Chenshr/Unknown Album/Chenshr.Remix.yong_0093.mp3
2025-04-03T14:15:13 update: added Music/Media.localized/Music/DJ Chenshr/Unknown Album/Chenshr.Remix.zhii_0322.mp3
2025-04-03T14:15:13 update: added Music/Media.localized/Music/Unknown Artist/Unknown Album/Chenshr.Remix._lysbb_.mp3
2025-04-03T14:15:13 update: added Music/Media.localized/Music/Unknown Artist/Unknown Album/Æõµ¤.mp3
2025-04-03T14:15:13 update: added Music/Media.localized/Music/Unknown Artist/Unknown Album/a rainy night in the castle (castlevania chill music compilation w rain sounds).mp3
2025-04-03T14:15:13 update: added Music/Media.localized/Music/Unknown Artist/Unknown Album/Castlevania SOTN_ Festival of Servants.mp3
2025-04-03T14:15:13 update: added Music/Media.localized/Music/Unknown Artist/Unknown Album/Booty music - Deepside (Lyrics & Vietsub).mp3
2025-04-03T14:15:13 update: added Music/Media.localized/Music/Unknown Artist/Unknown Album/npc_werewolf_maul.wav
2025-04-03T14:15:13 update: added Music/Media.localized/Music/Unknown Artist/Unknown Album/KONAMI NES Arranged Medley コナミアレンジメドレー FCDisk.mp3
2025-04-03T14:15:13 update: added Music/Media.localized/Music/Unknown Artist/Unknown Album/命运Beat - Zy 我属于 你的注定不属于 我的命运不要命 不要清醒还有梦能紧紧抱着你.mp3
2025-04-03T14:15:13 update: added Music/Media.localized/Music/Unknown Artist/Unknown Album/³¡¾°Í¨ÓÃ3.mp3
2025-04-03T14:15:13 update: added Music/Media.localized/Music/Unknown Artist/Unknown Album/npc_werewolf_attack_b_01.wav
2025-04-03T14:15:13 ffmpeg: Unsupported libavcodec SampleFormat value: u8        8  (u8)
2025-04-03T14:15:13 update: added Music/Media.localized/Music/Unknown Artist/Unknown Album/Atk00.wav
2025-04-03T14:15:13 update: added Music/Media.localized/Music/Unknown Artist/Unknown Album/melee1.wav
2025-04-03T14:15:13 update: added Music/Media.localized/Music/Unknown Artist/Unknown Album/melee2.wav
2025-04-03T14:15:13 update: added Music/Media.localized/Music/Unknown Artist/Unknown Album/npc_werewolf_feeding_01.wav
2025-04-03T14:15:13 update: added Music/Media.localized/Music/Unknown Artist/Unknown Album/Intro Theme.mp3
2025-04-03T14:15:13 update: added Music/Media.localized/Music/Chance Thrash/Unknown Album/Chamomile Tea.mp3
2025-04-03T14:15:13 update: added Music/Media.localized/Music/Shiba San/OKAY/OKAY.mp3
2025-04-03T14:15:13 update: added Music/Media.localized/Music/Joakim Karud/Unknown Album/Dreams.mp3
2025-04-03T14:15:13 update: added Music/Media.localized/Music/Malaa & Maximono/Unknown Album/Arsenic.mp3
2025-04-03T14:15:13 update: added Music/Media.localized/Music/Drvg Cvltvre/Drvg Cvltvre Pres. Sludge Houz, Vol. II/Sleep Is the Cousin of Death.mp3
2025-04-03T14:15:13 update: added Music/Media.localized/Music/Gerry Gonza/Bad Bitches/Bad Bitches.mp3
2025-04-03T14:15:13 update: added Music/Media.localized/Music/Malaa/Illicit EP/Diamonds.mp3
2025-04-03T14:15:13 update: added Music/Media.localized/Music/CeremonialDoll3702/Horror Music Pack - Prelude/01 ambience01.mp3
2025-04-03T14:15:13 update: added Music/Media.localized/Music/高橋宏/YuYu Hakusho/アンバランスなKissをして.mp3
2025-04-03T14:15:13 update: added Music/Media.localized/Music/高橋宏/YuYu Hakusho/太陽がまた輝くとき.mp3
2025-04-03T14:15:13 update: added Music/Media.localized/Music/bts/Unknown Album/4 o'clock lofi.mp3
2025-04-03T14:15:13 update: added Music/Media.localized/Music/Natanael/Unknown Album/Shelter (Acoustic Instrumental).mp3
2025-04-03T14:15:13 update: added Music/Media.localized/Music/Kannibalen Records/Unknown Album/Apashe - The Good The Bad & The Fake (Full EP).mp3
2025-04-03T14:15:13 update: added Music/Media.localized/Music/Night Club, Night Club/Requiem for Romance/Freak Like Me.mp3
2025-04-03T14:15:13 update: added Music/Media.localized/Music/Radiohead/Unknown Album/Creep.mp3
2025-04-03T14:15:13 update: added Music/Media.localized/Music/DIRTYBIRD/Unknown Album/Shiba San - Show Me, Show Me [OFFICIAL AUDIO].mp3
2025-04-03T14:15:13 update: added Music/Media.localized/Music/DIRTYBIRD/Unknown Album/Cause & Affect - The Tickle.mp3
2025-04-03T14:15:13 update: added Music/Media.localized/Music/OVERWERK/State/Phase.mp3
2025-04-03T14:15:13 update: added Music/Media.localized/Music/OVERWERK/Canon/Canon Pt. II.mp3
2025-04-03T14:15:13 update: added Music/Media.localized/Music/OVERWERK/Exist/Exist (Original Mix).mp3
2025-04-03T14:15:13 update: added Music/Media.localized/Music/X Ambassadors/VHS/07 First Show (Interlude).mp3
2025-04-03T14:15:13 update: added Music/Media.localized/Music/X Ambassadors/VHS/20 VHS Outro (Interlude).mp3
2025-04-03T14:15:13 update: added Music/Media.localized/Music/X Ambassadors/VHS/05 Hang On.mp3
2025-04-03T14:15:13 update: added Music/Media.localized/Music/X Ambassadors/VHS/08 Fear (Feat.Imagine Dragons).mp3
2025-04-03T14:15:13 update: added Music/Media.localized/Music/X Ambassadors/VHS/09 Smoke (Interlude).mp3
2025-04-03T14:15:13 update: added Music/Media.localized/Music/X Ambassadors/VHS/16 Loveless.mp3
2025-04-03T14:15:13 update: added Music/Media.localized/Music/X Ambassadors/VHS/13 B.I.G..mp3
2025-04-03T14:15:13 update: added Music/Media.localized/Music/X Ambassadors/VHS/14 Feather.mp3
2025-04-03T14:15:13 update: added Music/Media.localized/Music/X Ambassadors/VHS/02 Renegades.mp3
2025-04-03T14:15:13 update: added Music/Media.localized/Music/X Ambassadors/VHS/03 Moving Day (Interlude).mp3
2025-04-03T14:15:13 update: added Music/Media.localized/Music/X Ambassadors/VHS/06 Gorgeous.mp3
2025-04-03T14:15:13 update: added Music/Media.localized/Music/X Ambassadors/VHS/10 Nervous.mp3
2025-04-03T14:15:13 update: added Music/Media.localized/Music/X Ambassadors/VHS/12 Adam & Noah's Priorities (Interlude).mp3
2025-04-03T14:15:13 update: added Music/Media.localized/Music/X Ambassadors/VHS/15 Superpower.mp3
2025-04-03T14:15:13 update: added Music/Media.localized/Music/X Ambassadors/VHS/18 Good News On the Remix (Interlude).mp3
2025-04-03T14:15:13 update: added Music/Media.localized/Music/X Ambassadors/VHS/04 Unsteady.mp3
2025-04-03T14:15:13 update: added Music/Media.localized/Music/X Ambassadors/VHS/11 Low Life.mp3
2025-04-03T14:15:13 update: added Music/Media.localized/Music/X Ambassadors/VHS/19 Naked.mp3
2025-04-03T14:15:13 update: added Music/Media.localized/Music/X Ambassadors/VHS/01 Y2K Time Capsule (Interlude).mp3
2025-04-03T14:15:13 update: added Music/Media.localized/Music/X Ambassadors/VHS/17 Jungle.mp3
2025-04-03T14:15:13 update: added Music/Media.localized/Music/Moretin/Unknown Album/Matteo Tura - LARSEN.mp3
2025-04-03T14:15:13 update: added Music/Media.localized/Music/Moretin/Unknown Album/DND - Up & Down.mp3
2025-04-03T14:15:13 update: added Music/Media.localized/Music/Moretin/Unknown Album/Malaa, Nytron, Alok - Addiction (Original Mix).mp3
2025-04-03T14:15:13 update: added Music/Media.localized/Music/REZZ/Beyond the Senses/Dark Age.mp3
2025-04-03T14:15:13 update: added Music/Media.localized/Music/REZZ/The Silence Is Deafening/Delusion.mp3
2025-04-03T14:15:13 update: added Music/Media.localized/Music/REZZ/The Silence Is Deafening/Methodology.mp3
2025-04-03T14:15:13 update: added Music/Media.localized/Music/ThePrimeThanatos/Unknown Album/BIODRIVE - Psychopath.mp3
2025-04-03T14:15:13 update: added Music/Media.localized/Dombresky/Utopia/Utopia.mp3
2025-04-03T14:15:13 update: added Music/Media.localized/Infected Mushroom/IM The Supervisor/Mute Breaks Rmx.mp3
2025-04-03T14:15:13 update: added Music/Media.localized/Recognise/Unknown Album/Burn (Original Mix).mp3
2025-04-03T14:15:13 update: added Music/Media.localized/Glass Petals/Get Closer/Get Closer.mp3
2025-04-03T14:15:13 update: added Music/Media.localized/Night Club/Unknown Album/Night Club - _Schizophrenic_ (Official Video).mp3
2025-04-03T14:15:13 update: added Music/Media.localized/Moris Blak, Limbo Slice/The Unreality/The Unreality.mp3
2025-04-03T14:15:13 update: added Music/Media.localized/Shiba San/OKAY/OKAY.mp3
2025-04-03T14:15:13 update: added Music/Media.localized/Malaa & Maximono/Unknown Album/Arsenic.mp3
2025-04-03T14:15:13 update: added Music/Media.localized/Drvg Cvltvre/Drvg Cvltvre Pres. Sludge Houz, Vol. II/Sleep Is the Cousin of Death.mp3
2025-04-03T14:15:13 update: added Music/Media.localized/Gerry Gonza/Bad Bitches/Bad Bitches.mp3
2025-04-03T14:15:13 update: added Music/Media.localized/Malaa/Illicit EP/Diamonds.mp3
2025-04-03T14:15:13 update: added Music/Media.localized/Kannibalen Records/Unknown Album/Apashe - The Good The Bad & The Fake (Full EP).mp3
2025-04-03T14:15:13 update: added Music/Media.localized/Night Club, Night Club/Requiem for Romance/Freak Like Me.mp3
2025-04-03T14:15:13 update: added Music/Media.localized/DIRTYBIRD/Unknown Album/Shiba San - Show Me, Show Me [OFFICIAL AUDIO].mp3
2025-04-03T14:15:13 update: added Music/Media.localized/DIRTYBIRD/Unknown Album/Cause & Affect - The Tickle.mp3
2025-04-03T14:15:13 update: added Music/Media.localized/OVERWERK/State/Phase.mp3
2025-04-03T14:15:13 update: added Music/Media.localized/OVERWERK/Canon/Canon Pt. II.mp3
2025-04-03T14:15:13 update: added Music/Media.localized/OVERWERK/Exist/Exist (Original Mix).mp3
2025-04-03T14:15:13 update: added Music/Media.localized/Moretin/Unknown Album/Matteo Tura - LARSEN.mp3
2025-04-03T14:15:13 update: added Music/Media.localized/Moretin/Unknown Album/DND - Up & Down.mp3
2025-04-03T14:15:13 update: added Music/Media.localized/Moretin/Unknown Album/Malaa, Nytron, Alok - Addiction (Original Mix).mp3
2025-04-03T14:15:13 update: added Music/Media.localized/REZZ/Beyond the Senses/Dark Age.mp3
2025-04-03T14:15:13 update: added Music/Media.localized/REZZ/The Silence Is Deafening/Delusion.mp3
2025-04-03T14:15:13 update: added Music/Media.localized/REZZ/The Silence Is Deafening/Methodology.mp3
2025-04-03T14:15:13 update: added Music/Media.localized/ThePrimeThanatos/Unknown Album/BIODRIVE - Psychopath.mp3
2025-04-03T14:15:13 update: added /Joakim Karud - Dreams.mp3
2025-04-03T14:15:13 update: added Luis Fonsi/Despacito & Mis Grandes Exitos/01 Despacito.mp3
2025-04-03T14:15:13 update: added Luis Fonsi/Despacito & Mis Grandes Exitos/09 Aqui Estoy Yo.mp3
2025-04-03T14:15:13 update: added Luis Fonsi/Despacito & Mis Grandes Exitos/02 Despacito (Remix).mp3
2025-04-03T14:15:13 update: added Luis Fonsi/Despacito & Mis Grandes Exitos/12 Tu Amor.mp3
2025-04-03T14:15:13 update: added Luis Fonsi/Despacito & Mis Grandes Exitos/19 Imaginame Sin Ti.mp3
2025-04-03T14:15:13 update: added Luis Fonsi/Despacito & Mis Grandes Exitos/17 Quisiera Poder Olvidarme De Ti.mp3
2025-04-03T14:15:13 update: added Luis Fonsi/Despacito & Mis Grandes Exitos/15 Abrazar La Vida.mp3
2025-04-03T14:15:13 update: added Luis Fonsi/Despacito & Mis Grandes Exitos/04 Corazon En La Maleta.mp3
2025-04-03T14:15:13 update: added Luis Fonsi/Despacito & Mis Grandes Exitos/06 Tentacion.mp3
2025-04-03T14:15:13 update: added Luis Fonsi/Despacito & Mis Grandes Exitos/20 Despacito (Version Salsa).mp3
2025-04-03T14:15:13 update: added Luis Fonsi/Despacito & Mis Grandes Exitos/03 Wave Your Flag.mp3
2025-04-03T14:15:13 update: added Luis Fonsi/Despacito & Mis Grandes Exitos/10 No Me Doy Por Vencido.mp3
2025-04-03T14:15:13 update: added Luis Fonsi/Despacito & Mis Grandes Exitos/05 Llegaste Tu.mp3
2025-04-03T14:15:13 update: added Luis Fonsi/Despacito & Mis Grandes Exitos/08 Gritar.mp3
2025-04-03T14:15:13 update: added Luis Fonsi/Despacito & Mis Grandes Exitos/18 Si No Te Hubiera Conocido.mp3
2025-04-03T14:15:13 update: added Luis Fonsi/Despacito & Mis Grandes Exitos/11 Todo Vuelve A Empezar.mp3
2025-04-03T14:15:13 update: added Luis Fonsi/Despacito & Mis Grandes Exitos/14 Nada Es Para Siempre.mp3
2025-04-03T14:15:13 update: added Luis Fonsi/Despacito & Mis Grandes Exitos/16 ¿Quien Te Dijo Eso.mp3
2025-04-03T14:15:13 update: added Luis Fonsi/Despacito & Mis Grandes Exitos/07 Explicame.mp3
2025-04-03T14:15:13 update: added Luis Fonsi/Despacito & Mis Grandes Exitos/13 Por Una Mujer.mp3
2025-04-03T14:15:13 update: added /Chance Thrash - Chamomile Tea.mp3
2025-04-03T14:15:13 update: added The Elder Scrolls V Skyrim OST/CD2/14 Jeremy Soule - Beneath the Ice.mp3
2025-04-03T14:15:13 update: added The Elder Scrolls V Skyrim OST/CD2/04 Jeremy Soule - Kyne's Peace.mp3
2025-04-03T14:15:13 update: added The Elder Scrolls V Skyrim OST/CD2/12 Jeremy Soule - Silence Unbroken.mp3
2025-04-03T14:15:13 update: added The Elder Scrolls V Skyrim OST/CD2/05 Jeremy Soule - Unbound.mp3
2025-04-03T14:15:13 update: added The Elder Scrolls V Skyrim OST/CD2/08 Jeremy Soule - The Bannered Mare.mp3
2025-04-03T14:15:13 update: added The Elder Scrolls V Skyrim OST/CD2/03 Jeremy Soule - Into Darkness.mp3
2025-04-03T14:15:13 update: added The Elder Scrolls V Skyrim OST/CD2/15 Jeremy Soule - Tundra.mp3
2025-04-03T14:15:13 update: added The Elder Scrolls V Skyrim OST/CD2/09 Jeremy Soule - The Streets of Whiterun.mp3
2025-04-03T14:15:13 update: added The Elder Scrolls V Skyrim OST/CD2/16 Jeremy Soule - Journey's End.mp3
2025-04-03T14:15:13 update: added The Elder Scrolls V Skyrim OST/CD2/07 Jeremy Soule - A Winter's Tale.mp3
2025-04-03T14:15:13 update: added The Elder Scrolls V Skyrim OST/CD2/06 Jeremy Soule - Far Horizons.mp3
2025-04-03T14:15:13 update: added The Elder Scrolls V Skyrim OST/CD2/10 Jeremy Soule - One They Fear.mp3
2025-04-03T14:15:13 update: added The Elder Scrolls V Skyrim OST/CD2/11 Jeremy Soule - The White River.mp3
2025-04-03T14:15:13 update: added The Elder Scrolls V Skyrim OST/CD2/02 Jeremy Soule - Night without Stars.mp3
2025-04-03T14:15:13 update: added The Elder Scrolls V Skyrim OST/CD2/13 Jeremy Soule - Standing Stones.mp3
2025-04-03T14:15:13 update: added The Elder Scrolls V Skyrim OST/CD2/01 Jeremy Soule - Frostfall.mp3
2025-04-03T14:15:13 update: added The Elder Scrolls V Skyrim OST/CD4/cd4 01 Jeremy Soule - Skyrim Atmospheres.mp3
2025-04-03T14:15:13 update: added The Elder Scrolls V Skyrim OST/CD3/05 Jeremy Soule - Shadows and Echoes.mp3
2025-04-03T14:15:13 update: added The Elder Scrolls V Skyrim OST/CD3/09 Jeremy Soule - Towers and Shadows.mp3
2025-04-03T14:15:13 update: added The Elder Scrolls V Skyrim OST/CD3/01 Jeremy Soule - Before the Storm.mp3
2025-04-03T14:15:13 update: added The Elder Scrolls V Skyrim OST/CD3/15 Jeremy Soule - Death in the Darkness.mp3
2025-04-03T14:15:13 update: added The Elder Scrolls V Skyrim OST/CD3/06 Jeremy Soule - Caught off Guard.mp3
2025-04-03T14:15:13 update: added The Elder Scrolls V Skyrim OST/CD3/11 Jeremy Soule - Solitude.mp3
2025-04-03T14:15:13 update: added The Elder Scrolls V Skyrim OST/CD3/17 Jeremy Soule - Sovngarde.mp3
2025-04-03T14:15:13 update: added The Elder Scrolls V Skyrim OST/CD3/10 Jeremy Soule - Seven Thousand Steps.mp3
2025-04-03T14:15:13 update: added The Elder Scrolls V Skyrim OST/CD3/07 Jeremy Soule - Aurora.mp3
2025-04-03T14:15:13 update: added The Elder Scrolls V Skyrim OST/CD3/14 Jeremy Soule - Sky Above, Voice Within.mp3
2025-04-03T14:15:13 update: added The Elder Scrolls V Skyrim OST/CD3/04 Jeremy Soule - Around the Fire.mp3
2025-04-03T14:15:13 update: added The Elder Scrolls V Skyrim OST/CD3/12 Jeremy Soule - Watch the Skies.mp3
2025-04-03T14:15:13 update: added The Elder Scrolls V Skyrim OST/CD3/03 Jeremy Soule - Out of the Cold.mp3
2025-04-03T14:15:13 update: added The Elder Scrolls V Skyrim OST/CD3/13 Jeremy Soule - The Gathering Storm.mp3
2025-04-03T14:15:13 update: added The Elder Scrolls V Skyrim OST/CD3/08 Jeremy Soule - Blood and Steel.mp3
2025-04-03T14:15:13 update: added The Elder Scrolls V Skyrim OST/CD3/16 Jeremy Soule - Shattered Shields.mp3
2025-04-03T14:15:13 update: added The Elder Scrolls V Skyrim OST/CD3/18 Jeremy Soule - Wind Guide You.mp3
2025-04-03T14:15:13 update: added The Elder Scrolls V Skyrim OST/CD3/02 Jeremy Soule - A Chance Meeting.mp3
2025-04-03T14:15:13 update: added The Elder Scrolls V Skyrim OST/CD1/09 Jeremy Soule - Tooth and Claw.mp3
2025-04-03T14:15:13 update: added The Elder Scrolls V Skyrim OST/CD1/04 Jeremy Soule - Unbroken Road.mp3
2025-04-03T14:15:13 update: added The Elder Scrolls V Skyrim OST/CD1/08 Jeremy Soule - Dragonsreach.mp3
2025-04-03T14:15:13 update: added The Elder Scrolls V Skyrim OST/CD1/16 Jeremy Soule - Steel on Steel.mp3
2025-04-03T14:15:13 update: added The Elder Scrolls V Skyrim OST/CD1/06 Jeremy Soule - The City Gates.mp3
2025-04-03T14:15:13 update: added The Elder Scrolls V Skyrim OST/CD1/13 Jeremy Soule - Distant Horizons.mp3
2025-04-03T14:15:13 update: added The Elder Scrolls V Skyrim OST/CD1/15 Jeremy Soule - The Jerall Mountains.mp3
2025-04-03T14:15:13 update: added The Elder Scrolls V Skyrim OST/CD1/07 Jeremy Soule - Silent Footsteps.mp3
2025-04-03T14:15:13 update: added The Elder Scrolls V Skyrim OST/CD1/01 Jeremy Soule - Dragonborn.mp3
2025-04-03T14:15:13 update: added The Elder Scrolls V Skyrim OST/CD1/17 Jeremy Soule - Secunda.mp3
2025-04-03T14:15:13 update: added The Elder Scrolls V Skyrim OST/CD1/02 Jeremy Soule - Awake.mp3
2025-04-03T14:15:13 update: added The Elder Scrolls V Skyrim OST/CD1/18 Jeremy Soule - Imperial Throne.mp3
2025-04-03T14:15:13 update: added The Elder Scrolls V Skyrim OST/CD1/05 Jeremy Soule - Ancient Stones.mp3
2025-04-03T14:15:13 update: added The Elder Scrolls V Skyrim OST/CD1/12 Jeremy Soule - Masser.mp3
2025-04-03T14:15:13 update: added The Elder Scrolls V Skyrim OST/CD1/14 Jeremy Soule - Dawn.mp3
2025-04-03T14:15:13 update: added The Elder Scrolls V Skyrim OST/CD1/03 Jeremy Soule - From Past to Present.mp3
2025-04-03T14:15:13 update: added The Elder Scrolls V Skyrim OST/CD1/10 Jeremy Soule - Under an Ancient Sun.mp3
2025-04-03T14:15:13 update: added The Elder Scrolls V Skyrim OST/CD1/11 Jeremy Soule - Death or Sovngarde.mp3
2025-04-03T14:15:13 update: added YuYu Hakusho OP&ED/幽遊白書 - ED4.mp3
2025-04-03T14:15:13 update: added YuYu Hakusho OP&ED/幽遊白書 - ED5.mp3
2025-04-03T14:15:13 update: added YuYu Hakusho OP&ED/幽遊白書 - ED2.mp3
2025-04-03T14:15:13 update: added YuYu Hakusho OP&ED/幽遊白書 - ED3.mp3
2025-04-03T14:15:13 update: added YuYu Hakusho OP&ED/幽遊白書 - ED1.mp3
2025-04-03T14:15:13 update: added YuYu Hakusho OP&ED/幽遊白書 - OP1.mp3
2025-04-03T14:15:13 update: added /dvdkm - Lonely.mp3
2025-04-03T14:15:13 update: added Lofi/a rainy night in the castle (castlevania chill music compilation w rain sounds).mp3
2025-04-03T14:15:13 update: added Lofi/KONAMI NES Arranged Medley コナミアレンジメドレー FCDisk.mp3
2025-04-03T14:15:13 update: added Lofi/bts - 4 o'clock lofi.mp3
2025-04-03T14:15:13 update: added Coding Playlist/Shiba San - Show Me, Show Me [OFFICIAL AUDIO].mp3
2025-04-03T14:15:13 update: added Coding Playlist/Freak Like Me.mp3
2025-04-03T14:15:13 update: added Coding Playlist/Phase.mp3
2025-04-03T14:15:13 update: added Coding Playlist/Valentino Khan - Pump (Official Audio).mp3
2025-04-03T14:15:13 update: added Coding Playlist/REZZ - Dark Age.mp3
2025-04-03T14:15:13 update: added Coding Playlist/Exist (Original Mix).mp3
2025-04-03T14:15:13 update: added Coding Playlist/Glass Petals - Get Closer.mp3
2025-04-03T14:15:13 update: added Coding Playlist/Canon Pt. II.mp3
2025-04-03T14:15:13 update: added Coding Playlist/Recognise - Burn.mp3
2025-04-03T14:15:13 update: added Coding Playlist/BIODRIVE - Psychopath.mp3
2025-04-03T14:15:13 update: added Coding Playlist/Sleep Is the Cousin of Death.mp3
2025-04-03T14:15:13 update: added Coding Playlist/Matteo Tura - LARSEN.mp3
2025-04-03T14:15:13 update: added Coding Playlist/Mute Breaks Rmx.mp3
2025-04-03T14:15:13 update: added Coding Playlist/Apashe - The Good The Bad & The Fake (Full EP).mp3
2025-04-03T14:15:13 update: added Coding Playlist/Cause & Affect - The Tickle.mp3
2025-04-03T14:15:13 update: added Coding Playlist/Malaa - Diamonds (Original Mix) [CONFESSION].mp3
2025-04-03T14:15:13 update: added Coding Playlist/GERRY GONZA - Bad Bitches [CONFESSION].mp3
2025-04-03T14:15:13 update: added Coding Playlist/DND - Up & Down.mp3
2025-04-03T14:15:13 update: added Coding Playlist/Malaa, Nytron, Alok - Addiction (Original Mix).mp3
2025-04-03T14:15:13 update: added Coding Playlist/MORIS BLAK x Limbo Slice - The Unreality.mp3
2025-04-03T14:15:13 update: added Coding Playlist/Shiba San - OKAY.mp3
2025-04-03T14:15:13 update: added Coding Playlist/REZZ - Delusion.mp3
2025-04-03T14:15:13 update: added Coding Playlist/REZZ - Methodology.mp3
2025-04-03T14:15:13 update: added Coding Playlist/Malaa & Maximono - Arsenic [CONFESSION].mp3
2025-04-03T14:15:13 update: added Coding Playlist/Night Club - 'Schizophrenic' (Official Video).mp3
2025-04-03T14:15:13 update: added Coding Playlist/Dombresky - Confession Mix #5.mp3
2025-04-03T14:15:13 update: added Radiohead/Creep/Creep.mp3
2025-04-03T14:15:13 update: added X Ambassadors/VHS/07 First Show (Interlude).mp3
2025-04-03T14:15:13 update: added X Ambassadors/VHS/20 VHS Outro (Interlude).mp3
2025-04-03T14:15:13 update: added X Ambassadors/VHS/05 Hang On.mp3
2025-04-03T14:15:13 update: added X Ambassadors/VHS/18 Good News On the Remix (Interlude.mp3
2025-04-03T14:15:13 update: added X Ambassadors/VHS/09 Smoke (Interlude).mp3
2025-04-03T14:15:13 update: added X Ambassadors/VHS/16 Loveless.mp3
2025-04-03T14:15:13 update: added X Ambassadors/VHS/13 B.I.G..mp3
2025-04-03T14:15:13 update: added X Ambassadors/VHS/14 Feather.mp3
2025-04-03T14:15:13 update: added X Ambassadors/VHS/02 Renegades.mp3
2025-04-03T14:15:13 update: added X Ambassadors/VHS/03 Moving Day (Interlude).mp3
2025-04-03T14:15:13 update: added X Ambassadors/VHS/06 Gorgeous.mp3
2025-04-03T14:15:13 update: added X Ambassadors/VHS/10 Nervous.mp3
2025-04-03T14:15:13 update: added X Ambassadors/VHS/15 Superpower.mp3
2025-04-03T14:15:13 update: added X Ambassadors/VHS/04 Unsteady.mp3
2025-04-03T14:15:13 update: added X Ambassadors/VHS/11 Low Life.mp3
2025-04-03T14:15:13 update: added X Ambassadors/VHS/19 Naked.mp3
2025-04-03T14:15:13 update: added X Ambassadors/VHS/01 Y2K Time Capsule (Interlude).mp3
2025-04-03T14:15:13 update: added X Ambassadors/VHS/08 Fear (feat. Imagine Dragons).mp3
2025-04-03T14:15:13 update: added X Ambassadors/VHS/17 Jungle.mp3
2025-04-03T14:15:13 update: added X Ambassadors/VHS/12 Adam & Noah's Priorities (Interlu.mp3
2025-04-03T14:15:13 update: added /Shelter Acoustic Instrumental.mp3
2025-04-03T17:32:37 config: inotify: auto_update was disabled. enable during compilation phase
2025-04-03T17:32:37 config: option "audio_buffer_size" on line 17 was not recognized
2025-04-03T17:32:37 config: option "buffer_before_play" on line 18 was not recognized
2025-04-12T22:06:24 config: inotify: auto_update was disabled. enable during compilation phase
2025-04-12T22:06:24 config: option "audio_buffer_size" on line 17 was not recognized
2025-04-12T22:06:24 config: option "buffer_before_play" on line 18 was not recognized
2025-04-17T22:15:24 config: inotify: auto_update was disabled. enable during compilation phase
2025-04-17T22:15:24 config: option "audio_buffer_size" on line 17 was not recognized
2025-04-17T22:15:24 config: option "buffer_before_play" on line 18 was not recognized
2025-05-14T23:33:47 config: inotify: auto_update was disabled. enable during compilation phase
2025-05-14T23:33:47 config: option "audio_buffer_size" on line 17 was not recognized
2025-05-14T23:33:47 config: option "buffer_before_play" on line 18 was not recognized
2025-06-01T11:52:00 config: inotify: auto_update was disabled. enable during compilation phase
2025-06-01T11:52:00 config: option "audio_buffer_size" on line 17 was not recognized
2025-06-01T11:52:00 config: option "buffer_before_play" on line 18 was not recognized
2025-06-28T15:45:49 config: inotify: auto_update was disabled. enable during compilation phase
2025-06-28T15:45:49 config: option "audio_buffer_size" on line 17 was not recognized
2025-06-28T15:45:49 config: option "buffer_before_play" on line 18 was not recognized
2025-07-09T16:15:53 config: inotify: auto_update was disabled. enable during compilation phase
2025-07-09T16:15:53 config: option "audio_buffer_size" on line 17 was not recognized
2025-07-09T16:15:53 config: option "buffer_before_play" on line 18 was not recognized
2025-07-09T19:57:12 config: inotify: auto_update was disabled. enable during compilation phase
2025-07-09T19:57:12 config: option "audio_buffer_size" on line 17 was not recognized
2025-07-09T19:57:12 config: option "buffer_before_play" on line 18 was not recognized
2025-07-10T01:19:52 config: inotify: auto_update was disabled. enable during compilation phase
2025-07-10T01:19:52 config: option "audio_buffer_size" on line 17 was not recognized
2025-07-10T01:19:52 config: option "buffer_before_play" on line 18 was not recognized
2025-07-10T07:55:15 config: inotify: auto_update was disabled. enable during compilation phase
2025-07-10T07:55:15 config: option "audio_buffer_size" on line 17 was not recognized
2025-07-10T07:55:15 config: option "buffer_before_play" on line 18 was not recognized
2025-07-23T10:12:39 config: inotify: auto_update was disabled. enable during compilation phase
2025-07-23T10:12:39 config: option "audio_buffer_size" on line 17 was not recognized
2025-07-23T10:12:39 config: option "buffer_before_play" on line 18 was not recognized
2025-07-29T23:25:25 config: inotify: auto_update was disabled. enable during compilation phase
2025-07-29T23:25:25 config: option "audio_buffer_size" on line 17 was not recognized
2025-07-29T23:25:25 config: option "buffer_before_play" on line 18 was not recognized
2025-08-03T16:51:02 config: inotify: auto_update was disabled. enable during compilation phase
2025-08-03T16:51:02 config: option "audio_buffer_size" on line 17 was not recognized
2025-08-03T16:51:02 config: option "buffer_before_play" on line 18 was not recognized
2025-08-05T20:39:45 config: inotify: auto_update was disabled. enable during compilation phase
2025-08-05T20:39:45 config: option "audio_buffer_size" on line 17 was not recognized
2025-08-05T20:39:45 config: option "buffer_before_play" on line 18 was not recognized
2025-08-22T01:33:14 config: inotify: auto_update was disabled. enable during compilation phase
2025-08-22T01:33:14 config: option "audio_buffer_size" on line 17 was not recognized
2025-08-22T01:33:14 config: option "buffer_before_play" on line 18 was not recognized
2025-09-11T00:18:12 config: inotify: auto_update was disabled. enable during compilation phase
2025-09-11T00:18:12 config: option "audio_buffer_size" on line 17 was not recognized
2025-09-11T00:18:12 config: option "buffer_before_play" on line 18 was not recognized
2025-09-11T12:41:49 config: inotify: auto_update was disabled. enable during compilation phase
2025-09-11T12:41:49 config: option "audio_buffer_size" on line 17 was not recognized
2025-09-11T12:41:49 config: option "buffer_before_play" on line 18 was not recognized
2025-09-16T07:20:09 config: inotify: auto_update was disabled. enable during compilation phase
2025-09-16T07:20:09 config: option "audio_buffer_size" on line 17 was not recognized
2025-09-16T07:20:09 config: option "buffer_before_play" on line 18 was not recognized
2025-09-28T01:03:42 config: inotify: auto_update was disabled. enable during compilation phase
2025-09-28T01:03:42 config: option "audio_buffer_size" on line 17 was not recognized
2025-09-28T01:03:42 config: option "buffer_before_play" on line 18 was not recognized
2025-09-28T01:10:26 config: inotify: auto_update was disabled. enable during compilation phase
2025-09-28T01:10:26 config: option "audio_buffer_size" on line 17 was not recognized
2025-09-28T01:10:26 config: option "buffer_before_play" on line 18 was not recognized
